<html lang = "  en_AU">
    <head>
        <meta charset  ="utf-8  ">
        <meta http-equiv=   "X-UA-Compatible" content="IE=edge">
        <meta name="viewport" content=" width=device-width,    initial-scale=1,
                shrink-to-fit=no">
        <meta name="auth" content="1 "
                id="auth">
    </head>
    <body>
        <a class="  header-brand   order-last " href="http://localhost/dashboard/">Dashboard</a>
    </body>
</html>