<!DOCTYPE html PUBLIC "-//W3C//DTD HTML 4.0 Transitional//EN" "http://www.w3.org/TR/REC-html40/loose.dtd">
<html><body><form id="post-form" class="mb-md-4" method="post" enctype="multipart/form-data" data-controller="form" data-action="keypress-&gt;form#disableKey form#submit" data-form-validation="Please check the entered data and make sure you filled all the required fields." novalidate>
    <fieldset class="row g-0 mb-3">
        <div class="col p-0 px-3">
            <legend class="text-black">
                Product details
                <p class="small text-muted mt-2"></p>
            </legend>
        </div>
        <div class="col-12 col-md-7 shadow-sm">
            <div class="bg-white d-flex flex-column layout-wrapper rounded-top">
                <fieldset class="mb-3" data-async>
                    <div class="bg-white rounded shadow-sm p-4 py-4 d-flex flex-column">
                        <div class="form-group">
                            <label for="field-id-23e1f8b8e7681e5af2a66f182a8c41a9d5916081" class="form-label">Unique ID</label>
                            <p id="field-id-23e1f8b8e7681e5af2a66f182a8c41a9d5916081" title="Unique ID">19</p>
                        </div>
                        <div class="form-group">
                            <label for="field-slug-84fe911928d54b5502b48428b12dda85fc00a86a" class="form-label">Internal name</label>
                            <p id="field-slug-84fe911928d54b5502b48428b12dda85fc00a86a" title="Internal name">abra-coffee-table</p>
                        </div>
                        <div class="form-group">
                            <label for="field-name-3898511a8e888bb3bcb768023fabb414f5d97397" class="form-label">Product name <sup class="text-danger">*</sup></label>
                            <div data-controller="input" data-input-mask="">
                                <input class="form-control" name="name" type="text" max="255" required="required" title="Product name" placeholder="Type the product name here" value="Abra" id="field-name-3898511a8e888bb3bcb768023fabb414f5d97397">
                            </div>
                        </div>
                    </div>
                </fieldset>
                <button data-controller="anibutton" data-turbo="true" data-anibutton-animated="true" data-anibutton-label="Saving..." data-action="anibutton#animate" class="btn btn-default" type="submit" form="post-form" formaction="http://localhost:8000/dashboard/products/19/edit/store">
                    <svg xmlns="http://www.w3.org/2000/svg" version="1.1" width="1em" height="1em" viewbox="0 0 32 32" class="me-2" role="img" fill="currentColor" componentname="orchid-icon">
                        <path d="M16 0c-8.836 0-16 7.163-16 16s7.163 16 16 16c8.837 0 16-7.163 16-16s-7.163-16-16-16zM16 30.032c-7.72 0-14-6.312-14-14.032s6.28-14 14-14 14 6.28 14 14-6.28 14.032-14 14.032zM22.386 10.146l-9.388 9.446-4.228-4.227c-0.39-0.39-1.024-0.39-1.415 0s-0.391 1.023 0 1.414l4.95 4.95c0.39 0.39 1.024 0.39 1.415 0 0.045-0.045 0.084-0.094 0.119-0.145l9.962-10.024c0.39-0.39 0.39-1.024 0-1.415s-1.024-0.39-1.415 0z"></path>
                    </svg>
                    Save
                </button>
            </div>
        </div>
    
</fieldset>
<input type="hidden" name="_token" value="DrxuWS7kYgDOMAShNzlimhC2d4YB0MenqrTY8DiE">
<div class="modal fade" id="confirm-dialog" data-controller="confirm" tabindex="-1" aria-hidden="true">
    <div class="modal-dialog">
        <div class="modal-content">
            <div class="modal-header">
                <h4 class="modal-title text-black fw-light">Are you sure?</h4>
                <button type="button" class="btn-close" title="Close" data-bs-dismiss="modal" aria-label="Close"></button>
            </div>
            <div class="modal-body">
                <div class="p-4" data-confirm-target="message"></div>
            </div>
            <div class="modal-footer">
                <button type="button" class="btn btn-link" data-bs-dismiss="modal">Cancel</button>
                <div data-confirm-target="button"></div>
            </div>
        </div>
    </div>
</div>
</form></body></html>
