<!DOCTYPE html PUBLIC "-//W3C//DTD HTML 4.0 Transitional//EN" "http://www.w3.org/TR/REC-html40/loose.dtd">
<html><body>
<h1>This is text</h1>
<h2>This is some other text <span class="nowrap">inside span</span>.</h2>
<h3>This is text</h3>
<h4>This is some other text<span class="nowrap">inside span</span> .</h4>
<h5>This is some other text <span class="nowrap">inside span</span> .</h5>
</body></html>
